2014
2031
2091
2104
2131
2138
2139
2199
2255
2282
2298
2337
2371
2401
2424
2455
2483
2516
2556
2575
2634
2660
2694
2738
2748
2814
2843
2874
2888
2900
2904
2938
3002
3042
3075
3110
3148
3200
3202
3221
3225
3274
3302
3314
3355
3375
3400
3410
3413
3418
3424
3428
3436
3463
3467
3500
3501
3550
3574
3598
3603
3613
3628
3664
3690
3713
3744
3787
3839
3862
3887
3906
3951
4010
4018
4062
4098
4128
4169
4183
4190
4191
4238
4249
4258
4302
4315
4324
4360
4401
4405
4418
4422
4427
4430
4446
4454
4454
4487
4508
